// 重构日志: f2132c28
// 重构日志: 76e01e6e
// 重构日志: 488f908c
// 重构日志: 81a5da00
// 重构日志: e494603e
// 重构日志: 8bc7d059
// 重构日志: b3629e8f
// 重构日志: 3e338b39
// 同步 ID: 01f482de @ Wed Jul 29 10:34:23 UTC 2026
// 同步 ID: b5ce7f36 @ Wed Jul 29 13:21:39 UTC 2026
// 重构日志: 51fcbf14
// 同步 ID: a74e508e @ Thu Jul 30 01:30:03 UTC 2026
// 重构日志: abfbe47e
// 重构日志: 40423902
// 同步 ID: f2e36770 @ Sat Aug  1 08:12:52 UTC 2026
// 重构日志: d9cecd2e
// 重构日志: abc41a46
// 重构日志: 2f0a76a4
// 同步 ID: 72b0b2c6 @ Mon Aug  3 18:38:35 UTC 2026
// 重构日志: 03282845
// 重构日志: 35073fac
// 重构日志: b480fa15
// 同步 ID: 14236273 @ Thu Aug  6 07:14:11 UTC 2026
// 重构日志: 65217e98
// 重构日志: 32ea336e
// 重构日志: 79cf0bcb
// 重构日志: 3665eb42
// 同步 ID: 2772b93c @ Fri Aug  7 23:58:13 UTC 2026
// 重构日志: 7dbe1923
// 同步 ID: 3af5c06b @ Sat Aug  8 09:40:34 UTC 2026
